V3 62
FL "C:/Users/Parkash Rajwani/Documents/vlsiproject/vlsiproject/mips/../alu1/alu.v" 2017/03/09.05:41:12 J.30
MO isim_temp/alu \
      FL "C:/Users/Parkash Rajwani/Documents/vlsiproject/vlsiproject/mips/../alu1/alu.v" \
      MI adder MI andop MI condinvd MI mux4 MI orop MI zero
FL "C:/Users/Parkash Rajwani/Documents/vlsiproject/vlsiproject/mips/../aludec/aludec.v" 2017/02/24.03:20:22 J.30
MO isim_temp/aludec \
      FL "C:/Users/Parkash Rajwani/Documents/vlsiproject/vlsiproject/mips/../aludec/aludec.v"
FL "C:/Users/Parkash Rajwani/Documents/vlsiproject/vlsiproject/mips/../andop/and.v" 2017/02/10.01:08:16 J.30
MO isim_temp/andop \
      FL "C:/Users/Parkash Rajwani/Documents/vlsiproject/vlsiproject/mips/../andop/and.v"
FL "C:/Users/Parkash Rajwani/Documents/vlsiproject/vlsiproject/mips/../ccontroller/controller.v" 2017/03/21.11:29:52 J.30
MO isim_temp/controller \
      FL "C:/Users/Parkash Rajwani/Documents/vlsiproject/vlsiproject/mips/../ccontroller/controller.v" \
      MI aludec MI outputlogic MI statelogic
FL "C:/Users/Parkash Rajwani/Documents/vlsiproject/vlsiproject/mips/../condinv/condinvd.v" 2017/02/15.18:18:48 J.30
MO isim_temp/condinvd \
      FL "C:/Users/Parkash Rajwani/Documents/vlsiproject/vlsiproject/mips/../condinv/condinvd.v" \
      MI invertd MI mux2d
FL "C:/Users/Parkash Rajwani/Documents/vlsiproject/vlsiproject/mips/../datapath/datav.v" 2017/03/09.03:43:02 J.30
MO isim_temp/datav \
      FL "C:/Users/Parkash Rajwani/Documents/vlsiproject/vlsiproject/mips/../datapath/datav.v" \
      MI alu MI flopd MI flopen MI flopenrd MI mux2d MI mux33 MI mux4 MI regd
FL "C:/Users/Parkash Rajwani/Documents/vlsiproject/vlsiproject/mips/../flop/flopd.v" 2017/02/10.02:29:40 J.30
MO isim_temp/flopd \
      FL "C:/Users/Parkash Rajwani/Documents/vlsiproject/vlsiproject/mips/../flop/flopd.v"
FL "C:/Users/Parkash Rajwani/Documents/vlsiproject/vlsiproject/mips/../flopen/flopen.v" 2017/02/24.06:27:42 J.30
MO isim_temp/flopen \
      FL "C:/Users/Parkash Rajwani/Documents/vlsiproject/vlsiproject/mips/../flopen/flopen.v"
FL "C:/Users/Parkash Rajwani/Documents/vlsiproject/vlsiproject/mips/../flopenr/flopenrd.v" 2017/02/14.06:24:58 J.30
MO isim_temp/flopenrd \
      FL "C:/Users/Parkash Rajwani/Documents/vlsiproject/vlsiproject/mips/../flopenr/flopenrd.v"
FL "C:/Users/Parkash Rajwani/Documents/vlsiproject/vlsiproject/mips/../inverter/invertd.v" 2017/02/10.06:19:42 J.30
MO isim_temp/invertd \
      FL "C:/Users/Parkash Rajwani/Documents/vlsiproject/vlsiproject/mips/../inverter/invertd.v"
FL "C:/Users/Parkash Rajwani/Documents/vlsiproject/vlsiproject/mips/../mux2/mux2d.v" 2017/02/10.05:53:46 J.30
MO isim_temp/mux2d \
      FL "C:/Users/Parkash Rajwani/Documents/vlsiproject/vlsiproject/mips/../mux2/mux2d.v"
FL "C:/Users/Parkash Rajwani/Documents/vlsiproject/vlsiproject/mips/../mux3/mux33.v" 2017/02/20.04:08:28 J.30
MO isim_temp/mux33 \
      FL "C:/Users/Parkash Rajwani/Documents/vlsiproject/vlsiproject/mips/../mux3/mux33.v"
FL "C:/Users/Parkash Rajwani/Documents/vlsiproject/vlsiproject/mips/../mux4/mux4.v" 2017/02/10.01:45:42 J.30
MO isim_temp/mux4 \
      FL "C:/Users/Parkash Rajwani/Documents/vlsiproject/vlsiproject/mips/../mux4/mux4.v"
FL "C:/Users/Parkash Rajwani/Documents/vlsiproject/vlsiproject/mips/../or/orop.v" 2017/02/10.01:20:02 J.30
MO isim_temp/orop \
      FL "C:/Users/Parkash Rajwani/Documents/vlsiproject/vlsiproject/mips/../or/orop.v"
FL "C:/Users/Parkash Rajwani/Documents/vlsiproject/vlsiproject/mips/../outputlogic/outputlogic.v" 2017/03/03.07:05:12 J.30
MO isim_temp/outputlogic \
      FL "C:/Users/Parkash Rajwani/Documents/vlsiproject/vlsiproject/mips/../outputlogic/outputlogic.v"
FL "C:/Users/Parkash Rajwani/Documents/vlsiproject/vlsiproject/mips/../regfile/regd.v" 2017/03/08.20:04:56 J.30
MO isim_temp/regd \
      FL "C:/Users/Parkash Rajwani/Documents/vlsiproject/vlsiproject/mips/../regfile/regd.v"
FL "C:/Users/Parkash Rajwani/Documents/vlsiproject/vlsiproject/mips/../statelogic/statelogic.v" 2017/02/24.03:56:14 J.30
MO isim_temp/statelogic \
      FL "C:/Users/Parkash Rajwani/Documents/vlsiproject/vlsiproject/mips/../statelogic/statelogic.v"
FL "C:/Users/Parkash Rajwani/Documents/vlsiproject/vlsiproject/mips/../zerodetect/zero.v" 2017/02/14.06:44:38 J.30
MO isim_temp/zero \
      FL "C:/Users/Parkash Rajwani/Documents/vlsiproject/vlsiproject/mips/../zerodetect/zero.v"
FL "C:/Users/Parkash Rajwani/Documents/vlsiproject/vlsiproject/mips/mips.v" 2017/03/09.03:37:44 J.30
MO isim_temp/mips \
      FL "C:/Users/Parkash Rajwani/Documents/vlsiproject/vlsiproject/mips/mips.v" \
      MI controller MI datav
FL "C:/Users/Parkash Rajwani/Documents/vlsiproject/vlsiproject/mips/mipscheck.v" 2017/03/06.08:44:26 J.30
MO isim_temp/mipscheck_v \
      FL "C:/Users/Parkash Rajwani/Documents/vlsiproject/vlsiproject/mips/mipscheck.v" \
      MI mips
FL $XILINX/verilog/src/glbl.v 2006/12/01.16:44:50 J.30
MO isim_temp/glbl FL $XILINX/verilog/src/glbl.v
