MO outputlogic NULL "C:/Users/Parkash Rajwani/Documents/vlsiproject/vlsiproject/outputlogic/outputlogic.v" vlg43/outputlogic.bin 1491050978
MO glbl NULL D:/Xilinx91i/verilog/src/glbl.v vlg2D/glbl.bin 1491050979
MO check_v NULL "C:/Users/Parkash Rajwani/Documents/vlsiproject/vlsiproject/outputlogic/check.v" vlg33/check__v.bin 1491051596
