Release 9.1i - xst J.30
Copyright (c) 1995-2007 Xilinx, Inc.  All rights reserved.
--> Parameter TMPDIR set to ./xst/projnav.tmp
CPU : 0.00 / 2.88 s | Elapsed : 0.00 / 3.00 s
 
--> Parameter xsthdpdir set to ./xst
CPU : 0.00 / 2.88 s | Elapsed : 0.00 / 3.00 s
 
--> Reading design: alu.prj

TABLE OF CONTENTS
  1) Synthesis Options Summary
  2) HDL Compilation
  3) Design Hierarchy Analysis
  4) HDL Analysis
  5) HDL Synthesis
     5.1) HDL Synthesis Report
  6) Advanced HDL Synthesis
     6.1) Advanced HDL Synthesis Report
  7) Low Level Synthesis
  8) Partition Report
  9) Final Report
     9.1) Device utilization summary
     9.2) Partition Resource Summary
     9.3) TIMING REPORT


=========================================================================
*                      Synthesis Options Summary                        *
=========================================================================
---- Source Parameters
Input File Name                    : "alu.prj"
Input Format                       : mixed
Ignore Synthesis Constraint File   : NO

---- Target Parameters
Output File Name                   : "alu"
Output Format                      : NGC
Target Device                      : xc3s50-4-pq208

---- Source Options
Top Module Name                    : alu
Automatic FSM Extraction           : YES
FSM Encoding Algorithm             : Auto
Safe Implementation                : No
FSM Style                          : lut
RAM Extraction                     : Yes
RAM Style                          : Auto
ROM Extraction                     : Yes
Mux Style                          : Auto
Decoder Extraction                 : YES
Priority Encoder Extraction        : YES
Shift Register Extraction          : YES
Logical Shifter Extraction         : YES
XOR Collapsing                     : YES
ROM Style                          : Auto
Mux Extraction                     : YES
Resource Sharing                   : YES
Asynchronous To Synchronous        : NO
Multiplier Style                   : auto
Automatic Register Balancing       : No

---- Target Options
Add IO Buffers                     : YES
Global Maximum Fanout              : 500
Add Generic Clock Buffer(BUFG)     : 8
Register Duplication               : YES
Slice Packing                      : YES
Optimize Instantiated Primitives   : NO
Use Clock Enable                   : Yes
Use Synchronous Set                : Yes
Use Synchronous Reset              : Yes
Pack IO Registers into IOBs        : auto
Equivalent register Removal        : YES

---- General Options
Optimization Goal                  : Speed
Optimization Effort                : 1
Library Search Order               : alu.lso
Keep Hierarchy                     : NO
RTL Output                         : Yes
Global Optimization                : AllClockNets
Read Cores                         : YES
Write Timing Constraints           : NO
Cross Clock Analysis               : NO
Hierarchy Separator                : /
Bus Delimiter                      : <>
Case Specifier                     : maintain
Slice Utilization Ratio            : 100
BRAM Utilization Ratio             : 100
Verilog 2001                       : YES
Auto BRAM Packing                  : NO
Slice Utilization Ratio Delta      : 5

=========================================================================


=========================================================================
*                          HDL Compilation                              *
=========================================================================
Compiling verilog file "../mux2/mux2d.v" in library work
Compiling verilog file "../inverter/invertd.v" in library work
Module <mux2d> compiled
Compiling verilog file "../zerodetect/zero.v" in library work
Module <invertd> compiled
Compiling verilog file "../or/orop.v" in library work
Module <zero> compiled
Compiling verilog file "../mux4/mux4.v" in library work
Module <orop> compiled
Compiling verilog file "../condinv/condinvd.v" in library work
Module <mux4> compiled
Compiling verilog file "../andop/and.v" in library work
Module <condinvd> compiled
Compiling verilog file "../adder/adder.v" in library work
Module <andop> compiled
Compiling verilog file "alu.v" in library work
Module <adder> compiled
Module <alu> compiled
No errors in compilation
Analysis of file <"alu.prj"> succeeded.
 

=========================================================================
*                     Design Hierarchy Analysis                         *
=========================================================================
Analyzing hierarchy for module <alu> in library <work>.

Analyzing hierarchy for module <orop> in library <work>.

Analyzing hierarchy for module <andop> in library <work>.

Analyzing hierarchy for module <condinvd> in library <work>.

Analyzing hierarchy for module <adder> in library <work>.

Analyzing hierarchy for module <mux4> in library <work>.

Analyzing hierarchy for module <zero> in library <work>.

Analyzing hierarchy for module <invertd> in library <work>.

Analyzing hierarchy for module <mux2d> in library <work>.


=========================================================================
*                            HDL Analysis                               *
=========================================================================
Analyzing top module <alu>.
Module <alu> is correct for synthesis.
 
Analyzing module <orop> in library <work>.
Module <orop> is correct for synthesis.
 
Analyzing module <andop> in library <work>.
Module <andop> is correct for synthesis.
 
Analyzing module <condinvd> in library <work>.
Module <condinvd> is correct for synthesis.
 
Analyzing module <invertd> in library <work>.
Module <invertd> is correct for synthesis.
 
Analyzing module <mux2d> in library <work>.
Module <mux2d> is correct for synthesis.
 
Analyzing module <adder> in library <work>.
Module <adder> is correct for synthesis.
 
Analyzing module <mux4> in library <work>.
Module <mux4> is correct for synthesis.
 
Analyzing module <zero> in library <work>.
Module <zero> is correct for synthesis.
 

=========================================================================
*                           HDL Synthesis                               *
=========================================================================

Performing bidirectional port resolution...

Synthesizing Unit <orop>.
    Related source file is "../or/orop.v".
Unit <orop> synthesized.


Synthesizing Unit <andop>.
    Related source file is "../andop/and.v".
Unit <andop> synthesized.


Synthesizing Unit <adder>.
    Related source file is "../adder/adder.v".
WARNING:Xst - Property "use_dsp48" is not applicable for this technology.
    Found 8-bit adder carry in for signal <t1>.
    Summary:
	inferred   1 Adder/Subtractor(s).
Unit <adder> synthesized.


Synthesizing Unit <mux4>.
    Related source file is "../mux4/mux4.v".
    Found 8-bit 4-to-1 multiplexer for signal <t1>.
    Summary:
	inferred   8 Multiplexer(s).
Unit <mux4> synthesized.


Synthesizing Unit <zero>.
    Related source file is "../zerodetect/zero.v".
Unit <zero> synthesized.


Synthesizing Unit <invertd>.
    Related source file is "../inverter/invertd.v".
Unit <invertd> synthesized.


Synthesizing Unit <mux2d>.
    Related source file is "../mux2/mux2d.v".
Unit <mux2d> synthesized.


Synthesizing Unit <condinvd>.
    Related source file is "../condinv/condinvd.v".
Unit <condinvd> synthesized.


Synthesizing Unit <alu>.
    Related source file is "alu.v".
WARNING:Xst:1872 - Variable <i> is used but never assigned.
Unit <alu> synthesized.


=========================================================================
HDL Synthesis Report

Macro Statistics
# Adders/Subtractors                                   : 1
 8-bit adder carry in                                  : 1
# Multiplexers                                         : 1
 8-bit 4-to-1 multiplexer                              : 1

=========================================================================

=========================================================================
*                       Advanced HDL Synthesis                          *
=========================================================================

Loading device for application Rf_Device from file '3s50.nph' in environment C:\Xilinx91i.

=========================================================================
Advanced HDL Synthesis Report

Macro Statistics
# Adders/Subtractors                                   : 1
 8-bit adder carry in                                  : 1
# Multiplexers                                         : 1
 8-bit 4-to-1 multiplexer                              : 1

=========================================================================

=========================================================================
*                         Low Level Synthesis                           *
=========================================================================

Optimizing unit <alu> ...

Mapping all equations...
Building and optimizing final netlist ...
Found area constraint ratio of 100 (+ 5) on block alu, actual ratio is 2.

Final Macro Processing ...

=========================================================================
Final Register Report

Found no macro
=========================================================================

=========================================================================
*                          Partition Report                             *
=========================================================================

Partition Implementation Status
-------------------------------

  No Partitions were found in this design.

-------------------------------

=========================================================================
*                            Final Report                               *
=========================================================================
Final Results
RTL Top Level Output File Name     : alu.ngr
Top Level Output File Name         : alu
Output Format                      : NGC
Optimization Goal                  : Speed
Keep Hierarchy                     : NO

Design Statistics
# IOs                              : 28

Cell Usage :
# BELS                             : 51
#      GND                         : 1
#      LUT1                        : 8
#      LUT2                        : 1
#      LUT3                        : 2
#      LUT4                        : 16
#      MUXCY                       : 7
#      MUXF5                       : 8
#      VCC                         : 1
#      XORCY                       : 7
# IO Buffers                       : 28
#      IBUF                        : 19
#      OBUF                        : 9
=========================================================================

Device utilization summary:
---------------------------

Selected Device : 3s50pq208-4 

 Number of Slices:                      14  out of    768     1%  
 Number of 4 input LUTs:                27  out of   1536     1%  
 Number of IOs:                         28
 Number of bonded IOBs:                 28  out of    124    22%  

---------------------------
Partition Resource Summary:
---------------------------

  No Partitions were found in this design.

---------------------------


=========================================================================
TIMING REPORT

NOTE: THESE TIMING NUMBERS ARE ONLY A SYNTHESIS ESTIMATE.
      FOR ACCURATE TIMING INFORMATION PLEASE REFER TO THE TRACE REPORT
      GENERATED AFTER PLACE-and-ROUTE.

Clock Information:
------------------
No clock signals found in this design

Asynchronous Control Signals Information:
----------------------------------------
No asynchronous control signals found in this design

Timing Summary:
---------------
Speed Grade: -4

   Minimum period: No path found
   Minimum input arrival time before clock: No path found
   Maximum output required time after clock: No path found
   Maximum combinational path delay: 16.341ns

Timing Detail:
--------------
All values displayed in nanoseconds (ns)

=========================================================================
Timing constraint: Default path analysis
  Total number of paths / destination ports: 278 / 9
-------------------------------------------------------------------------
Delay:               16.341ns (Levels of Logic = 15)
  Source:            alucontrol<2> (PAD)
  Destination:       zerocheck (PAD)

  Data Path: alucontrol<2> to zerocheck
                                Gate     Net
    Cell:in->out      fanout   Delay   Delay  Logical Name (Net Name)
    ----------------------------------------  ------------
     IBUF:I->O             8   0.821   1.422  alucontrol_2_IBUF (alucontrol_2_IBUF)
     LUT1:I0->O            1   0.551   0.000  addblock/Madd_t1_cy<0>_rt (addblock/Madd_t1_cy<0>_rt)
     MUXCY:S->O            1   0.500   0.000  addblock/Madd_t1_cy<0> (addblock/Madd_t1_cy<0>)
     MUXCY:CI->O           1   0.064   0.000  addblock/Madd_t1_cy<1> (addblock/Madd_t1_cy<1>)
     MUXCY:CI->O           1   0.064   0.000  addblock/Madd_t1_cy<2> (addblock/Madd_t1_cy<2>)
     MUXCY:CI->O           1   0.064   0.000  addblock/Madd_t1_cy<3> (addblock/Madd_t1_cy<3>)
     MUXCY:CI->O           1   0.064   0.000  addblock/Madd_t1_cy<4> (addblock/Madd_t1_cy<4>)
     MUXCY:CI->O           1   0.064   0.000  addblock/Madd_t1_cy<5> (addblock/Madd_t1_cy<5>)
     MUXCY:CI->O           0   0.064   0.000  addblock/Madd_t1_cy<6> (addblock/Madd_t1_cy<6>)
     XORCY:CI->O           2   0.904   0.945  addblock/Madd_t1_xor<7> (sumresult<7>)
     LUT3:I2->O            1   0.551   0.000  muxresult/Mmux_t1_3 (N1)
     MUXF5:I1->O           2   0.360   1.216  muxresult/Mmux_t1_2_f5 (result_0_OBUF)
     LUT4:I0->O            1   0.551   1.140  zd/y12 (zd/y_map6)
     LUT2:I0->O            1   0.551   0.801  zd/y26 (zerocheck_OBUF)
     OBUF:I->O                 5.644          zerocheck_OBUF (zerocheck)
    ----------------------------------------
    Total                     16.341ns (10.817ns logic, 5.524ns route)
                                       (66.2% logic, 33.8% route)

=========================================================================
CPU : 35.53 / 38.70 s | Elapsed : 36.00 / 39.00 s
 
--> 

Total memory usage is 152260 kilobytes

Number of errors   :    0 (   0 filtered)
Number of warnings :    2 (   0 filtered)
Number of infos    :    0 (   0 filtered)

