MO check_v4 NULL "C:/Users/Parkash Rajwani/Documents/vlsiproject/vlsiproject/exmemory/check.v" vlg33/check__v4.bin 1491063470
MO exmemory NULL "C:/Users/Parkash Rajwani/Documents/vlsiproject/vlsiproject/exmemory/exmemory.v" vlg62/exmemory.bin 1491063469
MO glbl NULL D:/Xilinx91i/verilog/src/glbl.v vlg2D/glbl.bin 1491063471
MO check_v NULL C:/Xilinx91i/exmemory/check.v vlg33/check__v.bin 1488868633
