MO mux2d NULL C:/Xilinx91i/condinv/../mux2/mux2d.v vlg54/mux2d.bin 1486734147
MO condinvcheck_v NULL C:/Xilinx91i/condinv/condinvcheck.v vlg04/condinvcheck__v.bin 1486734152
MO condinvd NULL C:/Xilinx91i/condinv/condinvd.v vlg6D/condinvd.bin 1486734150
MO andop NULL C:/Xilinx91i/condinv/../and/andop.v vlg66/andop.bin 1486734149
MO glbl NULL C:/Xilinx91i/verilog/src/glbl.v vlg2D/glbl.bin 1486734153
