MO statelogic NULL "C:/Users/Parkash Rajwani/Documents/vlsiproject/vlsiproject/statelogic/statelogic.v" vlg3B/statelogic.bin 1491049388
MO glbl NULL D:/Xilinx91i/verilog/src/glbl.v vlg2D/glbl.bin 1491043032
MO check_v NULL "C:/Users/Parkash Rajwani/Documents/vlsiproject/vlsiproject/statelogic/check.v" vlg33/check__v.bin 1491049389
