MO adder NULL C:/Xilinx91i/mips/../adder/adder.v vlg54/adder.bin 1488374476
MO flopd NULL C:/Users/Computer/Desktop/vlsiproject/mips/../flop/flopd.v vlg2D/flopd.bin 1491130796
MO regd NULL C:/Users/Computer/Desktop/vlsiproject/mips/../regfile/regd.v vlg6E/regd.bin 1491132992
MO orop NULL C:/Users/Computer/Desktop/vlsiproject/mips/../or/orop.v vlg70/orop.bin 1491130792
MO mux2d NULL C:/Users/Computer/Desktop/vlsiproject/mips/../mux2/mux2d.v vlg54/mux2d.bin 1491130791
MO mux4 NULL C:/Users/Computer/Desktop/vlsiproject/mips/../mux4/mux4.v vlg32/mux4.bin 1491130792
MO mipscheck_v NULL C:/Users/Computer/Desktop/vlsiproject/mips/mipscheck.v vlg4C/mipscheck__v.bin 1491130798
MO aludec NULL C:/Users/Computer/Desktop/vlsiproject/mips/../aludec/aludec.v vlg02/aludec.bin 1491130796
MO outputlogic NULL C:/Users/Computer/Desktop/vlsiproject/mips/../outputlogic/outputlogic.v vlg43/outputlogic.bin 1491130794
MO flopenrd NULL C:/Users/Computer/Desktop/vlsiproject/mips/../flopenr/flopenrd.v vlg52/flopenrd.bin 1491130795
MO invertd NULL C:/Users/Computer/Desktop/vlsiproject/mips/../inverter/invertd.v vlg28/invertd.bin 1491130791
MO statelogic NULL C:/Users/Computer/Desktop/vlsiproject/mips/../statelogic/statelogic.v vlg3B/statelogic.bin 1491130794
MO zero NULL C:/Users/Computer/Desktop/vlsiproject/mips/../zerodetect/zero.v vlg18/zero.bin 1491130792
MO condinvd NULL C:/Users/Computer/Desktop/vlsiproject/mips/../condinv/condinvd.v vlg6D/condinvd.bin 1491130793
MO mips NULL C:/Users/Computer/Desktop/vlsiproject/mips/mips.v vlg1D/mips.bin 1491130798
MO andop NULL C:/Users/Computer/Desktop/vlsiproject/mips/../andop/and.v vlg66/andop.bin 1491130793
MO glbl NULL C:/Xilinx91i/verilog/src/glbl.v vlg2D/glbl.bin 1491130798
MO datav NULL C:/Users/Computer/Desktop/vlsiproject/mips/../datapath/datav.v vlg30/datav.bin 1491367258
MO controller NULL C:/Users/Computer/Desktop/vlsiproject/mips/../ccontroller/controller.v vlg54/controller.bin 1491130797
MO flopen NULL C:/Users/Computer/Desktop/vlsiproject/mips/../flopen/flopen.v vlg54/flopen.bin 1491130796
MO mux33 NULL C:/Users/Computer/Desktop/vlsiproject/mips/../mux3/mux33.v vlg28/mux33.bin 1491130795
MO test_v NULL C:/Users/Computer/Desktop/vlsiproject/mips/test.v vlg65/test__v.bin 1491367641
MO check_v NULL C:/Xilinx91i/mips/check.v vlg33/check__v.bin 1488374481
MO alu NULL C:/Users/Computer/Desktop/vlsiproject/mips/../alu1/alu.v vlg0A/alu.bin 1491130796
