Release 9.1i - xst J.30
Copyright (c) 1995-2007 Xilinx, Inc.  All rights reserved.
--> Parameter TMPDIR set to ./xst/projnav.tmp
CPU : 0.00 / 0.13 s | Elapsed : 0.00 / 0.00 s
 
--> Parameter xsthdpdir set to ./xst
CPU : 0.00 / 0.13 s | Elapsed : 0.00 / 0.00 s
 
--> Reading design: mips.prj

TABLE OF CONTENTS
  1) Synthesis Options Summary
  2) HDL Compilation
  3) Design Hierarchy Analysis
  4) HDL Analysis
  5) HDL Synthesis
     5.1) HDL Synthesis Report
  6) Advanced HDL Synthesis
     6.1) Advanced HDL Synthesis Report
  7) Low Level Synthesis
  8) Partition Report
  9) Final Report
     9.1) Device utilization summary
     9.2) Partition Resource Summary
     9.3) TIMING REPORT


=========================================================================
*                      Synthesis Options Summary                        *
=========================================================================
---- Source Parameters
Input File Name                    : "mips.prj"
Input Format                       : mixed
Ignore Synthesis Constraint File   : NO

---- Target Parameters
Output File Name                   : "mips"
Output Format                      : NGC
Target Device                      : xc3s50-4-pq208

---- Source Options
Top Module Name                    : mips
Automatic FSM Extraction           : YES
FSM Encoding Algorithm             : Auto
Safe Implementation                : No
FSM Style                          : lut
RAM Extraction                     : Yes
RAM Style                          : Auto
ROM Extraction                     : Yes
Mux Style                          : Auto
Decoder Extraction                 : YES
Priority Encoder Extraction        : YES
Shift Register Extraction          : YES
Logical Shifter Extraction         : YES
XOR Collapsing                     : YES
ROM Style                          : Auto
Mux Extraction                     : YES
Resource Sharing                   : YES
Asynchronous To Synchronous        : NO
Multiplier Style                   : auto
Automatic Register Balancing       : No

---- Target Options
Add IO Buffers                     : YES
Global Maximum Fanout              : 500
Add Generic Clock Buffer(BUFG)     : 8
Register Duplication               : YES
Slice Packing                      : YES
Optimize Instantiated Primitives   : NO
Use Clock Enable                   : Yes
Use Synchronous Set                : Yes
Use Synchronous Reset              : Yes
Pack IO Registers into IOBs        : auto
Equivalent register Removal        : YES

---- General Options
Optimization Goal                  : Speed
Optimization Effort                : 1
Library Search Order               : mips.lso
Keep Hierarchy                     : NO
RTL Output                         : Yes
Global Optimization                : AllClockNets
Read Cores                         : YES
Write Timing Constraints           : NO
Cross Clock Analysis               : NO
Hierarchy Separator                : /
Bus Delimiter                      : <>
Case Specifier                     : maintain
Slice Utilization Ratio            : 100
BRAM Utilization Ratio             : 100
Verilog 2001                       : YES
Auto BRAM Packing                  : NO
Slice Utilization Ratio Delta      : 5

=========================================================================


=========================================================================
*                          HDL Compilation                              *
=========================================================================
Compiling verilog file "../mux2/mux2d.v" in library work
Compiling verilog file "../inverter/invertd.v" in library work
Module <mux2d> compiled
Compiling verilog file "../zerodetect/zero.v" in library work
Module <invertd> compiled
Compiling verilog file "../or/orop.v" in library work
Module <zero> compiled
Compiling verilog file "../mux4/mux4.v" in library work
Module <orop> compiled
Compiling verilog file "../condinv/condinvd.v" in library work
Module <mux4> compiled
Compiling verilog file "../andop/and.v" in library work
Module <condinvd> compiled
Compiling verilog file "../statelogic/statelogic.v" in library work
Module <andop> compiled
Compiling verilog file "../regfile/regd.v" in library work
Module <statelogic> compiled
Compiling verilog file "../outputlogic/outputlogic.v" in library work
Module <regd> compiled
Compiling verilog file "../mux3/mux33.v" in library work
Module <outputlogic> compiled
Compiling verilog file "../flopenr/flopenrd.v" in library work
Module <mux33> compiled
Compiling verilog file "../flopen/flopen.v" in library work
Module <flopenrd> compiled
Compiling verilog file "../flop/flopd.v" in library work
Module <flopen> compiled
Compiling verilog file "../aludec/aludec.v" in library work
Module <flopd> compiled
Compiling verilog file "../alu1/alu.v" in library work
Module <aludec> compiled
Compiling verilog file "../datapath/datav.v" in library work
Module <alu> compiled
Compiling verilog file "../ccontroller/controller.v" in library work
Module <datav> compiled
Compiling verilog file "mips.v" in library work
Module <controller> compiled
Module <mips> compiled
No errors in compilation
Analysis of file <"mips.prj"> succeeded.
 

=========================================================================
*                     Design Hierarchy Analysis                         *
=========================================================================
Analyzing hierarchy for module <mips> in library <work>.

Analyzing hierarchy for module <controller> in library <work>.

Analyzing hierarchy for module <datav> in library <work>.

Analyzing hierarchy for module <statelogic> in library <work> with parameters.
	BEQ = "00000000000000000000000000000100"
	BEQEX = "00000000000000000000000000001011"
	DECODE = "00000000000000000000000000000100"
	FETCH1 = "00000000000000000000000000000000"
	FETCH2 = "00000000000000000000000000000001"
	FETCH3 = "00000000000000000000000000000010"
	FETCH4 = "00000000000000000000000000000011"
	J = "00000000000000000000000000000010"
	JEX = "00000000000000000000000000001100"
	LB = "100000"
	LBRD = "00000000000000000000000000000110"
	LBWR = "00000000000000000000000000000111"
	MEMADR = "00000000000000000000000000000101"
	RTYPE = "00000000000000000000000000000000"
	RTYPEEX = "00000000000000000000000000001001"
	RTYPEWR = "00000000000000000000000000001010"
	SB = "101000"
	SBWR = "00000000000000000000000000001000"

Analyzing hierarchy for module <outputlogic> in library <work> with parameters.
	JEX = "00000000000000000000000000001100"
	FETCH4 = "00000000000000000000000000000011"
	FETCH3 = "00000000000000000000000000000010"
	FETCH2 = "00000000000000000000000000000001"
	LBRD = "00000000000000000000000000000110"
	LBWR = "00000000000000000000000000000111"
	DECODE = "00000000000000000000000000000100"
	BEQEX = "00000000000000000000000000001011"
	MEMADR = "00000000000000000000000000000101"
	FETCH1 = "00000000000000000000000000000000"
	RTYPEEX = "00000000000000000000000000001001"
	RTYPEWR = "00000000000000000000000000001010"
	SBWR = "00000000000000000000000000001000"

Analyzing hierarchy for module <aludec> in library <work> with parameters.
	AND = "100100"
	OR = "100101"
	ADD = "100000"
	SUB = "100010"
	SLT = "101010"

Analyzing hierarchy for module <mux2d> in library <work>.

Analyzing hierarchy for module <flopen> in library <work>.

Analyzing hierarchy for module <flopenrd> in library <work>.

Analyzing hierarchy for module <flopd> in library <work>.

Analyzing hierarchy for module <mux4> in library <work>.

Analyzing hierarchy for module <mux33> in library <work>.

Analyzing hierarchy for module <regd> in library <work>.

Analyzing hierarchy for module <alu> in library <work>.

Analyzing hierarchy for module <orop> in library <work>.

Analyzing hierarchy for module <andop> in library <work>.

Analyzing hierarchy for module <condinvd> in library <work>.

Analyzing hierarchy for module <adder> in library <work>.

Analyzing hierarchy for module <mux4> in library <work>.

Analyzing hierarchy for module <zero> in library <work>.

Analyzing hierarchy for module <invertd> in library <work>.

Analyzing hierarchy for module <mux2d> in library <work>.


=========================================================================
*                            HDL Analysis                               *
=========================================================================
Analyzing top module <mips>.
Module <mips> is correct for synthesis.
 
Analyzing module <controller> in library <work>.
Module <controller> is correct for synthesis.
 
Analyzing module <statelogic> in library <work>.
	FETCH1 = 32'sb00000000000000000000000000000000
	FETCH2 = 32'sb00000000000000000000000000000001
	FETCH3 = 32'sb00000000000000000000000000000010
	FETCH4 = 32'sb00000000000000000000000000000011
	DECODE = 32'sb00000000000000000000000000000100
	MEMADR = 32'sb00000000000000000000000000000101
	LBRD = 32'sb00000000000000000000000000000110
	LBWR = 32'sb00000000000000000000000000000111
	SBWR = 32'sb00000000000000000000000000001000
	RTYPEEX = 32'sb00000000000000000000000000001001
	RTYPEWR = 32'sb00000000000000000000000000001010
	BEQEX = 32'sb00000000000000000000000000001011
	JEX = 32'sb00000000000000000000000000001100
	LB = 6'b100000
	SB = 6'b101000
	RTYPE = 32'sb00000000000000000000000000000000
	BEQ = 32'sb00000000000000000000000000000100
	J = 32'sb00000000000000000000000000000010
Module <statelogic> is correct for synthesis.
 
Analyzing module <outputlogic> in library <work>.
	FETCH1 = 32'sb00000000000000000000000000000000
	FETCH2 = 32'sb00000000000000000000000000000001
	FETCH3 = 32'sb00000000000000000000000000000010
	FETCH4 = 32'sb00000000000000000000000000000011
	DECODE = 32'sb00000000000000000000000000000100
	MEMADR = 32'sb00000000000000000000000000000101
	LBRD = 32'sb00000000000000000000000000000110
	LBWR = 32'sb00000000000000000000000000000111
	SBWR = 32'sb00000000000000000000000000001000
	RTYPEEX = 32'sb00000000000000000000000000001001
	RTYPEWR = 32'sb00000000000000000000000000001010
	BEQEX = 32'sb00000000000000000000000000001011
	JEX = 32'sb00000000000000000000000000001100
Module <outputlogic> is correct for synthesis.
 
Analyzing module <aludec> in library <work>.
	ADD = 6'b100000
	SUB = 6'b100010
	AND = 6'b100100
	OR = 6'b100101
	SLT = 6'b101010
Module <aludec> is correct for synthesis.
 
Analyzing module <datav> in library <work>.
Module <datav> is correct for synthesis.
 
Analyzing module <mux2d> in library <work>.
Module <mux2d> is correct for synthesis.
 
Analyzing module <flopen> in library <work>.
Module <flopen> is correct for synthesis.
 
Analyzing module <flopenrd> in library <work>.
Module <flopenrd> is correct for synthesis.
 
Analyzing module <flopd> in library <work>.
Module <flopd> is correct for synthesis.
 
Analyzing module <mux4> in library <work>.
Module <mux4> is correct for synthesis.
 
Analyzing module <mux33> in library <work>.
Module <mux33> is correct for synthesis.
 
Analyzing module <regd> in library <work>.
Module <regd> is correct for synthesis.
 
Analyzing module <alu> in library <work>.
Module <alu> is correct for synthesis.
 
Analyzing module <orop> in library <work>.
Module <orop> is correct for synthesis.
 
Analyzing module <andop> in library <work>.
Module <andop> is correct for synthesis.
 
Analyzing module <condinvd> in library <work>.
Module <condinvd> is correct for synthesis.
 
Analyzing module <invertd> in library <work>.
Module <invertd> is correct for synthesis.
 
Analyzing module <adder> in library <work>.
Module <adder> is correct for synthesis.
 
Analyzing module <zero> in library <work>.
Module <zero> is correct for synthesis.
 

=========================================================================
*                           HDL Synthesis                               *
=========================================================================

Performing bidirectional port resolution...

Synthesizing Unit <statelogic>.
    Related source file is "../statelogic/statelogic.v".
    Found 6-bit register for signal <state>.
    Summary:
	inferred   6 D-type flip-flop(s).
Unit <statelogic> synthesized.


Synthesizing Unit <outputlogic>.
    Related source file is "../outputlogic/outputlogic.v".
Unit <outputlogic> synthesized.


Synthesizing Unit <aludec>.
    Related source file is "../aludec/aludec.v".
Unit <aludec> synthesized.


Synthesizing Unit <mux2d>.
    Related source file is "../mux2/mux2d.v".
Unit <mux2d> synthesized.


Synthesizing Unit <flopen>.
    Related source file is "../flopen/flopen.v".
    Found 8-bit register for signal <q>.
    Summary:
	inferred   8 D-type flip-flop(s).
Unit <flopen> synthesized.


Synthesizing Unit <flopenrd>.
    Related source file is "../flopenr/flopenrd.v".
    Found 8-bit register for signal <q>.
    Summary:
	inferred   8 D-type flip-flop(s).
Unit <flopenrd> synthesized.


Synthesizing Unit <flopd>.
    Related source file is "../flop/flopd.v".
    Found 8-bit register for signal <t1>.
    Summary:
	inferred   8 D-type flip-flop(s).
Unit <flopd> synthesized.


Synthesizing Unit <mux4>.
    Related source file is "../mux4/mux4.v".
    Found 8-bit 4-to-1 multiplexer for signal <t1>.
    Summary:
	inferred   8 Multiplexer(s).
Unit <mux4> synthesized.


Synthesizing Unit <mux33>.
    Related source file is "../mux3/mux33.v".
    Found 8-bit 4-to-1 multiplexer for signal <t1>.
    Summary:
	inferred   8 Multiplexer(s).
Unit <mux33> synthesized.


Synthesizing Unit <regd>.
    Related source file is "../regfile/regd.v".
WARNING:Xst:647 - Input <ra2> is never used.
WARNING:Xst:647 - Input <wa> is never used.
WARNING:Xst:1780 - Signal <RAM> is never used or assigned.
    Found 8-bit register for signal <regDst>.
    Found 8-bit register for signal <rd2>.
    Summary:
	inferred  16 D-type flip-flop(s).
Unit <regd> synthesized.


Synthesizing Unit <orop>.
    Related source file is "../or/orop.v".
Unit <orop> synthesized.


Synthesizing Unit <andop>.
    Related source file is "../andop/and.v".
Unit <andop> synthesized.


Synthesizing Unit <adder>.
    Related source file is "../adder/adder.v".
WARNING:Xst - Property "use_dsp48" is not applicable for this technology.
    Found 8-bit adder carry in for signal <t1>.
    Summary:
	inferred   1 Adder/Subtractor(s).
Unit <adder> synthesized.


Synthesizing Unit <zero>.
    Related source file is "../zerodetect/zero.v".
Unit <zero> synthesized.


Synthesizing Unit <invertd>.
    Related source file is "../inverter/invertd.v".
Unit <invertd> synthesized.


Synthesizing Unit <controller>.
    Related source file is "../ccontroller/controller.v".
Unit <controller> synthesized.


Synthesizing Unit <condinvd>.
    Related source file is "../condinv/condinvd.v".
Unit <condinvd> synthesized.


Synthesizing Unit <alu>.
    Related source file is "../alu1/alu.v".
WARNING:Xst:1872 - Variable <i> is used but never assigned.
Unit <alu> synthesized.


Synthesizing Unit <datav>.
    Related source file is "../datapath/datav.v".
WARNING:Xst:653 - Signal <CONST_ONE> is used but never assigned. Tied to value 00000001.
WARNING:Xst:1780 - Signal <regDt> is never used or assigned.
WARNING:Xst:1780 - Signal <branchcheckand> is never used or assigned.
WARNING:Xst:1780 - Signal <CONST_ZERO> is never used or assigned.
Unit <datav> synthesized.


Synthesizing Unit <mips>.
    Related source file is "mips.v".
WARNING:Xst:1780 - Signal <instr1> is never used or assigned.
Unit <mips> synthesized.


=========================================================================
HDL Synthesis Report

Macro Statistics
# Adders/Subtractors                                   : 1
 8-bit adder carry in                                  : 1
# Registers                                            : 13
 6-bit register                                        : 1
 8-bit register                                        : 12
# Multiplexers                                         : 3
 8-bit 4-to-1 multiplexer                              : 3

=========================================================================

=========================================================================
*                       Advanced HDL Synthesis                          *
=========================================================================

Loading device for application Rf_Device from file '3s50.nph' in environment D:\Xilinx91i.
WARNING:Xst:2404 -  FFs/Latches <state<5:4>> (without init value) have a constant value of 0 in block <statelogic>.
WARNING:Xst:1290 - Hierarchical block <regmux> is unconnected in block <dp>.
   It will be removed from the design.

=========================================================================
Advanced HDL Synthesis Report

Macro Statistics
# Adders/Subtractors                                   : 1
 8-bit adder carry in                                  : 1
# Registers                                            : 100
 Flip-Flops                                            : 100
# Multiplexers                                         : 3
 8-bit 4-to-1 multiplexer                              : 3

=========================================================================

=========================================================================
*                         Low Level Synthesis                           *
=========================================================================

Optimizing unit <mips> ...

Optimizing unit <statelogic> ...

Optimizing unit <regd> ...

Optimizing unit <datav> ...
WARNING:Xst:2677 - Node <datareg/t1_7> of sequential type is unconnected in block <datav>.
WARNING:Xst:2677 - Node <datareg/t1_6> of sequential type is unconnected in block <datav>.
WARNING:Xst:2677 - Node <datareg/t1_5> of sequential type is unconnected in block <datav>.
WARNING:Xst:2677 - Node <datareg/t1_4> of sequential type is unconnected in block <datav>.
WARNING:Xst:2677 - Node <datareg/t1_3> of sequential type is unconnected in block <datav>.
WARNING:Xst:2677 - Node <datareg/t1_2> of sequential type is unconnected in block <datav>.
WARNING:Xst:2677 - Node <datareg/t1_1> of sequential type is unconnected in block <datav>.
WARNING:Xst:2677 - Node <datareg/t1_0> of sequential type is unconnected in block <datav>.

Mapping all equations...
Building and optimizing final netlist ...
Found area constraint ratio of 100 (+ 5) on block mips, actual ratio is 12.
FlipFlop cont/statelog/state_0 has been replicated 2 time(s)
FlipFlop cont/statelog/state_1 has been replicated 2 time(s)
FlipFlop cont/statelog/state_2 has been replicated 2 time(s)
FlipFlop cont/statelog/state_3 has been replicated 2 time(s)

Final Macro Processing ...

=========================================================================
Final Register Report

Macro Statistics
# Registers                                            : 100
 Flip-Flops                                            : 100

=========================================================================

=========================================================================
*                          Partition Report                             *
=========================================================================

Partition Implementation Status
-------------------------------

  No Partitions were found in this design.

-------------------------------

=========================================================================
*                            Final Report                               *
=========================================================================
Final Results
RTL Top Level Output File Name     : mips.ngr
Top Level Output File Name         : mips
Output Format                      : NGC
Optimization Goal                  : Speed
Keep Hierarchy                     : NO

Design Statistics
# IOs                              : 175

Cell Usage :
# BELS                             : 192
#      GND                         : 1
#      LUT2                        : 5
#      LUT3                        : 58
#      LUT3_D                      : 4
#      LUT3_L                      : 1
#      LUT4                        : 86
#      LUT4_D                      : 1
#      LUT4_L                      : 4
#      MUXCY                       : 7
#      MUXF5                       : 16
#      VCC                         : 1
#      XORCY                       : 8
# FlipFlops/Latches                : 100
#      FD                          : 32
#      FDE                         : 48
#      FDR                         : 9
#      FDRE                        : 8
#      FDRS                        : 3
# Clock Buffers                    : 1
#      BUFGP                       : 1
# IO Buffers                       : 174
#      IBUF                        : 25
#      OBUF                        : 149
=========================================================================

Device utilization summary:
---------------------------

Selected Device : 3s50pq208-4 

 Number of Slices:                     101  out of    768    13%  
 Number of Slice Flip Flops:           100  out of   1536     6%  
 Number of 4 input LUTs:               159  out of   1536    10%  
 Number of IOs:                        175
 Number of bonded IOBs:                175  out of    124   141% (*) 
 Number of GCLKs:                        1  out of      8    12%  

WARNING:Xst:1336 -  (*) More than 100% of Device resources are used

---------------------------
Partition Resource Summary:
---------------------------

  No Partitions were found in this design.

---------------------------


=========================================================================
TIMING REPORT

NOTE: THESE TIMING NUMBERS ARE ONLY A SYNTHESIS ESTIMATE.
      FOR ACCURATE TIMING INFORMATION PLEASE REFER TO THE TRACE REPORT
      GENERATED AFTER PLACE-and-ROUTE.

Clock Information:
------------------
-----------------------------------+------------------------+-------+
Clock Signal                       | Clock buffer(FF name)  | Load  |
-----------------------------------+------------------------+-------+
clk                                | BUFGP                  | 100   |
-----------------------------------+------------------------+-------+

Asynchronous Control Signals Information:
----------------------------------------
No asynchronous control signals found in this design

Timing Summary:
---------------
Speed Grade: -4

   Minimum period: 13.648ns (Maximum Frequency: 73.271MHz)
   Minimum input arrival time before clock: 3.392ns
   Maximum output required time after clock: 18.690ns
   Maximum combinational path delay: 9.033ns

Timing Detail:
--------------
All values displayed in nanoseconds (ns)

=========================================================================
Timing constraint: Default period analysis for Clock 'clk'
  Clock period: 13.648ns (frequency: 73.271MHz)
  Total number of paths / destination ports: 18222 / 119
-------------------------------------------------------------------------
Delay:               13.648ns (Levels of Logic = 9)
  Source:            cont/statelog/state_2_2 (FF)
  Destination:       dp/pcreg/q_0 (FF)
  Source Clock:      clk rising
  Destination Clock: clk rising

  Data Path: cont/statelog/state_2_2 to dp/pcreg/q_0
                                Gate     Net
    Cell:in->out      fanout   Delay   Delay  Logical Name (Net Name)
    ----------------------------------------  ------------
     FDR:C->Q              3   0.720   1.246  cont/statelog/state_2_2 (cont/statelog/state_2_2)
     LUT3:I0->O           13   0.551   1.238  cont/outputlog/alusrcb<1>1 (alusrcb_1_OBUF)
     LUT4:I2->O            3   0.551   1.102  dp/src2mux/Mmux_t111 (src2_0_OBUF)
     LUT3:I1->O            1   0.551   0.000  dp/alunit/addblock/Madd_t1_lut<0> (dp/N3)
     MUXCY:S->O            1   0.500   0.000  dp/alunit/addblock/Madd_t1_cy<0> (dp/alunit/addblock/Madd_t1_cy<0>)
     MUXCY:CI->O           1   0.064   0.000  dp/alunit/addblock/Madd_t1_cy<1> (dp/alunit/addblock/Madd_t1_cy<1>)
     XORCY:CI->O           3   0.904   0.933  dp/alunit/addblock/Madd_t1_xor<2> (dp/alunit/sumresult<2>)
     LUT4:I3->O            1   0.551   0.827  dp/alunit/zd/y8_SW1 (N440)
     LUT4:I3->O            2   0.551   1.072  dp/alunit/zd/y8 (dp/alunit/zd/y_map3)
     LUT4:I1->O           10   0.551   1.134  cont/pcen (branch_OBUF)
     FDRE:CE                   0.602          dp/pcreg/q_0
    ----------------------------------------
    Total                     13.648ns (6.096ns logic, 7.552ns route)
                                       (44.7% logic, 55.3% route)

=========================================================================
Timing constraint: Default OFFSET IN BEFORE for Clock 'clk'
  Total number of paths / destination ports: 76 / 76
-------------------------------------------------------------------------
Offset:              3.392ns (Levels of Logic = 1)
  Source:            reset (PAD)
  Destination:       cont/statelog/state_3 (FF)
  Destination Clock: clk rising

  Data Path: reset to cont/statelog/state_3
                                Gate     Net
    Cell:in->out      fanout   Delay   Delay  Logical Name (Net Name)
    ----------------------------------------  ------------
     IBUF:I->O            20   0.821   1.545  reset_IBUF (reset_IBUF)
     FDR:R                     1.026          cont/statelog/state_0
    ----------------------------------------
    Total                      3.392ns (1.847ns logic, 1.545ns route)
                                       (54.5% logic, 45.5% route)

=========================================================================
Timing constraint: Default OFFSET OUT AFTER for Clock 'clk'
  Total number of paths / destination ports: 9689 / 139
-------------------------------------------------------------------------
Offset:              18.690ns (Levels of Logic = 10)
  Source:            cont/statelog/state_2_2 (FF)
  Destination:       branch (PAD)
  Source Clock:      clk rising

  Data Path: cont/statelog/state_2_2 to branch
                                Gate     Net
    Cell:in->out      fanout   Delay   Delay  Logical Name (Net Name)
    ----------------------------------------  ------------
     FDR:C->Q              3   0.720   1.246  cont/statelog/state_2_2 (cont/statelog/state_2_2)
     LUT3:I0->O           13   0.551   1.238  cont/outputlog/alusrcb<1>1 (alusrcb_1_OBUF)
     LUT4:I2->O            3   0.551   1.102  dp/src2mux/Mmux_t111 (src2_0_OBUF)
     LUT3:I1->O            1   0.551   0.000  dp/alunit/addblock/Madd_t1_lut<0> (dp/N3)
     MUXCY:S->O            1   0.500   0.000  dp/alunit/addblock/Madd_t1_cy<0> (dp/alunit/addblock/Madd_t1_cy<0>)
     MUXCY:CI->O           1   0.064   0.000  dp/alunit/addblock/Madd_t1_cy<1> (dp/alunit/addblock/Madd_t1_cy<1>)
     XORCY:CI->O           3   0.904   0.933  dp/alunit/addblock/Madd_t1_xor<2> (dp/alunit/sumresult<2>)
     LUT4:I3->O            1   0.551   0.827  dp/alunit/zd/y8_SW1 (N440)
     LUT4:I3->O            2   0.551   1.072  dp/alunit/zd/y8 (dp/alunit/zd/y_map3)
     LUT4:I1->O           10   0.551   1.134  cont/pcen (branch_OBUF)
     OBUF:I->O                 5.644          branch_OBUF (branch)
    ----------------------------------------
    Total                     18.690ns (11.138ns logic, 7.552ns route)
                                       (59.6% logic, 40.4% route)

=========================================================================
Timing constraint: Default path analysis
  Total number of paths / destination ports: 8 / 8
-------------------------------------------------------------------------
Delay:               9.033ns (Levels of Logic = 3)
  Source:            a1<7> (PAD)
  Destination:       read1<7> (PAD)

  Data Path: a1<7> to read1<7>
                                Gate     Net
    Cell:in->out      fanout   Delay   Delay  Logical Name (Net Name)
    ----------------------------------------  ------------
     IBUF:I->O             1   0.821   1.140  a1_7_IBUF (a1_7_IBUF)
     LUT4:I0->O            2   0.551   0.877  dp/rf/rd1<7>1 (read1_7_OBUF)
     OBUF:I->O                 5.644          read1_7_OBUF (read1<7>)
    ----------------------------------------
    Total                      9.033ns (7.016ns logic, 2.017ns route)
                                       (77.7% logic, 22.3% route)

=========================================================================
CPU : 5.74 / 5.88 s | Elapsed : 6.00 / 6.00 s
 
--> 

Total memory usage is 173624 kilobytes

Number of errors   :    0 (   0 filtered)
Number of warnings :   23 (   0 filtered)
Number of infos    :    0 (   0 filtered)

