MO regd NULL "C:/Users/Parkash Rajwani/Documents/vlsiproject/vlsiproject/regfile/regd.v" vlg6E/regd.bin 1491062012
MO regcheck_v NULL "C:/Users/Parkash Rajwani/Documents/vlsiproject/vlsiproject/regfile/regcheck.v" vlg0D/regcheck__v.bin 1491062012
MO glbl NULL D:/Xilinx91i/verilog/src/glbl.v vlg2D/glbl.bin 1491062012
